[KeOps] Compiling cuda jit compiler engine ... OK
[pyKeOps] Compiling nvrtc binder for python ... OK

NOTICE: The gather mode is topk_rbf_glres with top-k 32 !!!

[KeOps] Generating code for KMin_ArgKMin_Reduction reduction (with parameters 0) of formula Sum((a-b)**2)+(d-c)*e with a=Var(0,3,0), b=Var(1,3,1), c=Var(2,1,1), d=Var(3,1,2), e=Var(4,1,2) ... OK
N=1,000,000 NFE=1 geometry_per_call              wall=0.356s KNN=123.0
N=1,000,000 NFE=1 none                           wall=0.857s KNN=489.0
N=1,000,000 NFE=1 static_per_call                wall=0.308s KNN=123.0
N=1,000,000 NFE=1 geometry_persistent            wall=0.202s KNN=0.0
N=1,000,000 NFE=1 static_persistent_geometry     wall=0.190s KNN=0.0
N=1,000,000 NFE=2 geometry_per_call              wall=0.541s KNN=123.0
N=1,000,000 NFE=2 none                           wall=1.658s KNN=978.0
N=1,000,000 NFE=2 static_per_call                wall=0.363s KNN=123.0
N=1,000,000 NFE=2 geometry_persistent            wall=0.372s KNN=0.0
N=1,000,000 NFE=2 static_persistent_geometry     wall=0.242s KNN=0.0
N=1,000,000 NFE=4 geometry_per_call              wall=0.878s KNN=123.0
N=1,000,000 NFE=4 none                           wall=3.271s KNN=1956.0
N=1,000,000 NFE=4 static_per_call                wall=0.483s KNN=123.0
N=1,000,000 NFE=4 geometry_persistent            wall=0.706s KNN=0.0
N=1,000,000 NFE=4 static_persistent_geometry     wall=0.363s KNN=0.0
N=1,000,000 NFE=8 geometry_per_call              wall=1.532s KNN=123.0
N=1,000,000 NFE=8 none                           wall=6.524s KNN=3912.0
N=1,000,000 NFE=8 static_per_call                wall=0.718s KNN=123.0
N=1,000,000 NFE=8 geometry_persistent            wall=1.387s KNN=0.0
N=1,000,000 NFE=8 static_persistent_geometry     wall=0.597s KNN=0.0
