[KeOps] Compiling cuda jit compiler engine ... OK
[pyKeOps] Compiling nvrtc binder for python ... OK

NOTICE: The gather mode is topk_rbf_glres with top-k 32 !!!

[KeOps] Generating code for KMin_ArgKMin_Reduction reduction (with parameters 0) of formula Sum((a-b)**2)+(d-c)*e with a=Var(0,3,0), b=Var(1,3,1), c=Var(2,1,1), d=Var(3,1,2), e=Var(4,1,2) ... OK
N=250,000 NFE=1 geometry_per_call              wall=0.094s KNN=31.0
N=250,000 NFE=1 none                           wall=0.217s KNN=123.0
N=250,000 NFE=1 static_per_call                wall=0.081s KNN=31.0
N=250,000 NFE=1 geometry_persistent            wall=0.055s KNN=0.0
N=250,000 NFE=1 static_persistent_geometry     wall=0.051s KNN=0.0
N=250,000 NFE=2 geometry_per_call              wall=0.138s KNN=31.0
N=250,000 NFE=2 none                           wall=0.424s KNN=246.0
N=250,000 NFE=2 static_per_call                wall=0.097s KNN=31.0
N=250,000 NFE=2 geometry_persistent            wall=0.099s KNN=0.0
N=250,000 NFE=2 static_persistent_geometry     wall=0.066s KNN=0.0
N=250,000 NFE=4 geometry_per_call              wall=0.225s KNN=31.0
N=250,000 NFE=4 none                           wall=0.838s KNN=492.0
N=250,000 NFE=4 static_per_call                wall=0.128s KNN=31.0
N=250,000 NFE=4 geometry_persistent            wall=0.185s KNN=0.0
N=250,000 NFE=4 static_persistent_geometry     wall=0.097s KNN=0.0
N=250,000 NFE=8 geometry_per_call              wall=0.398s KNN=31.0
N=250,000 NFE=8 none                           wall=1.657s KNN=984.0
N=250,000 NFE=8 static_per_call                wall=0.188s KNN=31.0
N=250,000 NFE=8 geometry_persistent            wall=0.356s KNN=0.0
N=250,000 NFE=8 static_persistent_geometry     wall=0.155s KNN=0.0
