[KeOps] Compiling cuda jit compiler engine ... OK
[pyKeOps] Compiling nvrtc binder for python ... OK

NOTICE: The gather mode is topk_rbf_glres with top-k 32 !!!

[KeOps] Generating code for KMin_ArgKMin_Reduction reduction (with parameters 0) of formula Sum((a-b)**2)+(d-c)*e with a=Var(0,3,0), b=Var(1,3,1), c=Var(2,1,1), d=Var(3,1,2), e=Var(4,1,2) ... OK
N=1,953,125 NFE=1 geometry_per_call              wall=0.680s KNN=239.0
N=1,953,125 NFE=1 none                           wall=1.646s KNN=954.0
N=1,953,125 NFE=1 static_per_call                wall=0.584s KNN=239.0
N=1,953,125 NFE=1 geometry_persistent            wall=0.400s KNN=0.0
N=1,953,125 NFE=1 static_persistent_geometry     wall=0.351s KNN=0.0
N=1,953,125 NFE=2 geometry_per_call              wall=1.018s KNN=239.0
N=1,953,125 NFE=2 none                           wall=3.232s KNN=1908.0
N=1,953,125 NFE=2 static_per_call                wall=0.693s KNN=239.0
N=1,953,125 NFE=2 geometry_persistent            wall=0.717s KNN=0.0
N=1,953,125 NFE=2 static_persistent_geometry     wall=0.468s KNN=0.0
N=1,953,125 NFE=4 geometry_per_call              wall=1.670s KNN=239.0
N=1,953,125 NFE=4 none                           wall=6.424s KNN=3816.0
N=1,953,125 NFE=4 static_per_call                wall=0.924s KNN=239.0
N=1,953,125 NFE=4 geometry_persistent            wall=1.382s KNN=0.0
N=1,953,125 NFE=4 static_persistent_geometry     wall=0.697s KNN=0.0
N=1,953,125 NFE=8 geometry_per_call              wall=2.977s KNN=239.0
N=1,953,125 NFE=8 none                           wall=12.758s KNN=7632.0
N=1,953,125 NFE=8 static_per_call                wall=1.369s KNN=239.0
N=1,953,125 NFE=8 geometry_persistent            wall=2.747s KNN=0.0
N=1,953,125 NFE=8 static_persistent_geometry     wall=1.144s KNN=0.0
